Sketch uses 1580163 bytes (50%) of program storage space. Maximum is 3145728 bytes.
Global variables use 140868 bytes (42%) of dynamic memory, leaving 186812 bytes for local variables. Maximum is 327680 bytes.
